20:15:12 **** Incremental Build of configuration Debug for project Led_Animations2 ****
make -j8 all 
arm-none-eabi-gcc "../Core/Src/main.c" -mcpu=cortex-m3 -std=gnu11 -g3 -DDEBUG -DUSE_HAL_DRIVER -DSTM32F103x6 -c -I../Core/Inc -I../Drivers/STM32F1xx_HAL_Driver/Inc -I../Drivers/STM32F1xx_HAL_Driver/Inc/Legacy -I../Drivers/CMSIS/Device/ST/STM32F1xx/Include -I../Drivers/CMSIS/Include -O0 -ffunction-sections -fdata-sections -Wall -fstack-usage -MMD -MP -MF"Core/Src/main.d" -MT"Core/Src/main.o" --specs=nano.specs -mfloat-abi=soft -mthumb -o "Core/Src/main.o"
arm-none-eabi-gcc -o "Led_Animations2.elf" @"objects.list"   -mcpu=cortex-m3 -T"E:\BKU\Se241\CO3009_MM\Experiments\L06_2110142_Lab1\STM32_Lab1_2nd\Led_Animations2\STM32F103C6UX_FLASH.ld" --specs=nosys.specs -Wl,-Map="Led_Animations2.map" -Wl,--gc-sections -static --specs=nano.specs -mfloat-abi=soft -mthumb -Wl,--start-group -lc -lm -Wl,--end-group
Finished building target: Led_Animations2.elf
 
arm-none-eabi-size   Led_Animations2.elf 
arm-none-eabi-objdump -h -S  Led_Animations2.elf  > "Led_Animations2.list"
arm-none-eabi-objcopy  -O ihex  Led_Animations2.elf  "Led_Animations2.hex"
   text	   data	    bss	    dec	    hex	filename
   4784	     20	   1572	   6376	   18e8	Led_Animations2.elf
arm-none-eabi-objcopy  -O binary  Led_Animations2.elf  "Led_Animations2.bin"
Finished building: default.size.stdout
 
Finished building: Led_Animations2.hex
Finished building: Led_Animations2.bin
 
Finished building: Led_Animations2.list
 
 
